2025-10-29T02:15:54: /var/www/www-root/data/www/tech-talks.ru/server.js:7
2025-10-29T02:15:54:     console.log(${new Date().toISOString()} - ${req.method} ${req.url});
2025-10-29T02:15:54:                 ^
2025-10-29T02:15:54: 
2025-10-29T02:15:54: SyntaxError: missing ) after argument list
2025-10-29T02:15:54:     at internalCompileFunction (node:internal/vm:73:18)
2025-10-29T02:15:54:     at wrapSafe (node:internal/modules/cjs/loader:1274:20)
2025-10-29T02:15:54:     at Module._compile (node:internal/modules/cjs/loader:1320:27)
2025-10-29T02:15:54:     at Module._extensions..js (node:internal/modules/cjs/loader:1414:10)
2025-10-29T02:15:54:     at Module.load (node:internal/modules/cjs/loader:1197:32)
2025-10-29T02:15:54:     at Module._load (node:internal/modules/cjs/loader:1013:12)
2025-10-29T02:15:54:     at Object.<anonymous> (/usr/local/lib/node_modules/pm2/lib/ProcessContainerFork.js:33:23)
2025-10-29T02:15:54:     at Module._compile (node:internal/modules/cjs/loader:1356:14)
2025-10-29T02:15:54:     at Module._extensions..js (node:internal/modules/cjs/loader:1414:10)
2025-10-29T02:15:54:     at Module.load (node:internal/modules/cjs/loader:1197:32)
2025-10-29T02:15:55: /var/www/www-root/data/www/tech-talks.ru/server.js:7
2025-10-29T02:15:55:     console.log(${new Date().toISOString()} - ${req.method} ${req.url});
2025-10-29T02:15:55:                 ^
2025-10-29T02:15:55: 
2025-10-29T02:15:55: SyntaxError: missing ) after argument list
2025-10-29T02:15:55:     at internalCompileFunction (node:internal/vm:73:18)
2025-10-29T02:15:55:     at wrapSafe (node:internal/modules/cjs/loader:1274:20)
2025-10-29T02:15:55:     at Module._compile (node:internal/modules/cjs/loader:1320:27)
2025-10-29T02:15:55:     at Module._extensions..js (node:internal/modules/cjs/loader:1414:10)
2025-10-29T02:15:55:     at Module.load (node:internal/modules/cjs/loader:1197:32)
2025-10-29T02:15:55:     at Module._load (node:internal/modules/cjs/loader:1013:12)
2025-10-29T02:15:55:     at Object.<anonymous> (/usr/local/lib/node_modules/pm2/lib/ProcessContainerFork.js:33:23)
2025-10-29T02:15:55:     at Module._compile (node:internal/modules/cjs/loader:1356:14)
2025-10-29T02:15:55:     at Module._extensions..js (node:internal/modules/cjs/loader:1414:10)
2025-10-29T02:15:55:     at Module.load (node:internal/modules/cjs/loader:1197:32)
2025-10-29T02:15:55: /var/www/www-root/data/www/tech-talks.ru/server.js:7
2025-10-29T02:15:55:     console.log(${new Date().toISOString()} - ${req.method} ${req.url});
2025-10-29T02:15:55:                 ^
2025-10-29T02:15:55: 
2025-10-29T02:15:55: SyntaxError: missing ) after argument list
2025-10-29T02:15:55:     at internalCompileFunction (node:internal/vm:73:18)
2025-10-29T02:15:55:     at wrapSafe (node:internal/modules/cjs/loader:1274:20)
2025-10-29T02:15:55:     at Module._compile (node:internal/modules/cjs/loader:1320:27)
2025-10-29T02:15:55:     at Module._extensions..js (node:internal/modules/cjs/loader:1414:10)
2025-10-29T02:15:55:     at Module.load (node:internal/modules/cjs/loader:1197:32)
2025-10-29T02:15:55:     at Module._load (node:internal/modules/cjs/loader:1013:12)
2025-10-29T02:15:55:     at Object.<anonymous> (/usr/local/lib/node_modules/pm2/lib/ProcessContainerFork.js:33:23)
2025-10-29T02:15:55:     at Module._compile (node:internal/modules/cjs/loader:1356:14)
2025-10-29T02:15:55:     at Module._extensions..js (node:internal/modules/cjs/loader:1414:10)
2025-10-29T02:15:55:     at Module.load (node:internal/modules/cjs/loader:1197:32)
2025-10-29T02:15:55: /var/www/www-root/data/www/tech-talks.ru/server.js:7
2025-10-29T02:15:55:     console.log(${new Date().toISOString()} - ${req.method} ${req.url});
2025-10-29T02:15:55:                 ^
2025-10-29T02:15:55: 
2025-10-29T02:15:55: SyntaxError: missing ) after argument list
2025-10-29T02:15:55:     at internalCompileFunction (node:internal/vm:73:18)
2025-10-29T02:15:55:     at wrapSafe (node:internal/modules/cjs/loader:1274:20)
2025-10-29T02:15:55:     at Module._compile (node:internal/modules/cjs/loader:1320:27)
2025-10-29T02:15:55:     at Module._extensions..js (node:internal/modules/cjs/loader:1414:10)
2025-10-29T02:15:55:     at Module.load (node:internal/modules/cjs/loader:1197:32)
2025-10-29T02:15:55:     at Module._load (node:internal/modules/cjs/loader:1013:12)
2025-10-29T02:15:55:     at Object.<anonymous> (/usr/local/lib/node_modules/pm2/lib/ProcessContainerFork.js:33:23)
2025-10-29T02:15:55:     at Module._compile (node:internal/modules/cjs/loader:1356:14)
2025-10-29T02:15:55:     at Module._extensions..js (node:internal/modules/cjs/loader:1414:10)
2025-10-29T02:15:55:     at Module.load (node:internal/modules/cjs/loader:1197:32)
2025-10-29T02:15:55: /var/www/www-root/data/www/tech-talks.ru/server.js:7
2025-10-29T02:15:55:     console.log(${new Date().toISOString()} - ${req.method} ${req.url});
2025-10-29T02:15:55:                 ^
2025-10-29T02:15:55: 
2025-10-29T02:15:55: SyntaxError: missing ) after argument list
2025-10-29T02:15:55:     at internalCompileFunction (node:internal/vm:73:18)
2025-10-29T02:15:55:     at wrapSafe (node:internal/modules/cjs/loader:1274:20)
2025-10-29T02:15:55:     at Module._compile (node:internal/modules/cjs/loader:1320:27)
2025-10-29T02:15:55:     at Module._extensions..js (node:internal/modules/cjs/loader:1414:10)
2025-10-29T02:15:55:     at Module.load (node:internal/modules/cjs/loader:1197:32)
2025-10-29T02:15:55:     at Module._load (node:internal/modules/cjs/loader:1013:12)
2025-10-29T02:15:55:     at Object.<anonymous> (/usr/local/lib/node_modules/pm2/lib/ProcessContainerFork.js:33:23)
2025-10-29T02:15:55:     at Module._compile (node:internal/modules/cjs/loader:1356:14)
2025-10-29T02:15:55:     at Module._extensions..js (node:internal/modules/cjs/loader:1414:10)
2025-10-29T02:15:55:     at Module.load (node:internal/modules/cjs/loader:1197:32)
2025-10-29T02:15:55: /var/www/www-root/data/www/tech-talks.ru/server.js:7
2025-10-29T02:15:55:     console.log(${new Date().toISOString()} - ${req.method} ${req.url});
2025-10-29T02:15:55:                 ^
2025-10-29T02:15:55: 
2025-10-29T02:15:55: SyntaxError: missing ) after argument list
2025-10-29T02:15:55:     at internalCompileFunction (node:internal/vm:73:18)
2025-10-29T02:15:55:     at wrapSafe (node:internal/modules/cjs/loader:1274:20)
2025-10-29T02:15:55:     at Module._compile (node:internal/modules/cjs/loader:1320:27)
2025-10-29T02:15:55:     at Module._extensions..js (node:internal/modules/cjs/loader:1414:10)
2025-10-29T02:15:55:     at Module.load (node:internal/modules/cjs/loader:1197:32)
2025-10-29T02:15:55:     at Module._load (node:internal/modules/cjs/loader:1013:12)
2025-10-29T02:15:55:     at Object.<anonymous> (/usr/local/lib/node_modules/pm2/lib/ProcessContainerFork.js:33:23)
2025-10-29T02:15:55:     at Module._compile (node:internal/modules/cjs/loader:1356:14)
2025-10-29T02:15:55:     at Module._extensions..js (node:internal/modules/cjs/loader:1414:10)
2025-10-29T02:15:55:     at Module.load (node:internal/modules/cjs/loader:1197:32)
2025-10-29T02:15:56: /var/www/www-root/data/www/tech-talks.ru/server.js:7
2025-10-29T02:15:56:     console.log(${new Date().toISOString()} - ${req.method} ${req.url});
2025-10-29T02:15:56:                 ^
2025-10-29T02:15:56: 
2025-10-29T02:15:56: SyntaxError: missing ) after argument list
2025-10-29T02:15:56:     at internalCompileFunction (node:internal/vm:73:18)
2025-10-29T02:15:56:     at wrapSafe (node:internal/modules/cjs/loader:1274:20)
2025-10-29T02:15:56:     at Module._compile (node:internal/modules/cjs/loader:1320:27)
2025-10-29T02:15:56:     at Module._extensions..js (node:internal/modules/cjs/loader:1414:10)
2025-10-29T02:15:56:     at Module.load (node:internal/modules/cjs/loader:1197:32)
2025-10-29T02:15:56:     at Module._load (node:internal/modules/cjs/loader:1013:12)
2025-10-29T02:15:56:     at Object.<anonymous> (/usr/local/lib/node_modules/pm2/lib/ProcessContainerFork.js:33:23)
2025-10-29T02:15:56:     at Module._compile (node:internal/modules/cjs/loader:1356:14)
2025-10-29T02:15:56:     at Module._extensions..js (node:internal/modules/cjs/loader:1414:10)
2025-10-29T02:15:56:     at Module.load (node:internal/modules/cjs/loader:1197:32)
2025-10-29T02:15:56: /var/www/www-root/data/www/tech-talks.ru/server.js:7
2025-10-29T02:15:56:     console.log(${new Date().toISOString()} - ${req.method} ${req.url});
2025-10-29T02:15:56:                 ^
2025-10-29T02:15:56: 
2025-10-29T02:15:56: SyntaxError: missing ) after argument list
2025-10-29T02:15:56:     at internalCompileFunction (node:internal/vm:73:18)
2025-10-29T02:15:56:     at wrapSafe (node:internal/modules/cjs/loader:1274:20)
2025-10-29T02:15:56:     at Module._compile (node:internal/modules/cjs/loader:1320:27)
2025-10-29T02:15:56:     at Module._extensions..js (node:internal/modules/cjs/loader:1414:10)
2025-10-29T02:15:56:     at Module.load (node:internal/modules/cjs/loader:1197:32)
2025-10-29T02:15:56:     at Module._load (node:internal/modules/cjs/loader:1013:12)
2025-10-29T02:15:56:     at Object.<anonymous> (/usr/local/lib/node_modules/pm2/lib/ProcessContainerFork.js:33:23)
2025-10-29T02:15:56:     at Module._compile (node:internal/modules/cjs/loader:1356:14)
2025-10-29T02:15:56:     at Module._extensions..js (node:internal/modules/cjs/loader:1414:10)
2025-10-29T02:15:56:     at Module.load (node:internal/modules/cjs/loader:1197:32)
2025-10-29T02:15:56: /var/www/www-root/data/www/tech-talks.ru/server.js:7
2025-10-29T02:15:56:     console.log(${new Date().toISOString()} - ${req.method} ${req.url});
2025-10-29T02:15:56:                 ^
2025-10-29T02:15:56: 
2025-10-29T02:15:56: SyntaxError: missing ) after argument list
2025-10-29T02:15:56:     at internalCompileFunction (node:internal/vm:73:18)
2025-10-29T02:15:56:     at wrapSafe (node:internal/modules/cjs/loader:1274:20)
2025-10-29T02:15:56:     at Module._compile (node:internal/modules/cjs/loader:1320:27)
2025-10-29T02:15:56:     at Module._extensions..js (node:internal/modules/cjs/loader:1414:10)
2025-10-29T02:15:56:     at Module.load (node:internal/modules/cjs/loader:1197:32)
2025-10-29T02:15:56:     at Module._load (node:internal/modules/cjs/loader:1013:12)
2025-10-29T02:15:56:     at Object.<anonymous> (/usr/local/lib/node_modules/pm2/lib/ProcessContainerFork.js:33:23)
2025-10-29T02:15:56:     at Module._compile (node:internal/modules/cjs/loader:1356:14)
2025-10-29T02:15:56:     at Module._extensions..js (node:internal/modules/cjs/loader:1414:10)
2025-10-29T02:15:56:     at Module.load (node:internal/modules/cjs/loader:1197:32)
2025-10-29T02:15:56: /var/www/www-root/data/www/tech-talks.ru/server.js:7
2025-10-29T02:15:56:     console.log(${new Date().toISOString()} - ${req.method} ${req.url});
2025-10-29T02:15:56:                 ^
2025-10-29T02:15:56: 
2025-10-29T02:15:56: SyntaxError: missing ) after argument list
2025-10-29T02:15:56:     at internalCompileFunction (node:internal/vm:73:18)
2025-10-29T02:15:56:     at wrapSafe (node:internal/modules/cjs/loader:1274:20)
2025-10-29T02:15:56:     at Module._compile (node:internal/modules/cjs/loader:1320:27)
2025-10-29T02:15:56:     at Module._extensions..js (node:internal/modules/cjs/loader:1414:10)
2025-10-29T02:15:56:     at Module.load (node:internal/modules/cjs/loader:1197:32)
2025-10-29T02:15:56:     at Module._load (node:internal/modules/cjs/loader:1013:12)
2025-10-29T02:15:56:     at Object.<anonymous> (/usr/local/lib/node_modules/pm2/lib/ProcessContainerFork.js:33:23)
2025-10-29T02:15:56:     at Module._compile (node:internal/modules/cjs/loader:1356:14)
2025-10-29T02:15:56:     at Module._extensions..js (node:internal/modules/cjs/loader:1414:10)
2025-10-29T02:15:56:     at Module.load (node:internal/modules/cjs/loader:1197:32)
2025-10-29T02:15:57: /var/www/www-root/data/www/tech-talks.ru/server.js:7
2025-10-29T02:15:57:     console.log(${new Date().toISOString()} - ${req.method} ${req.url});
2025-10-29T02:15:57:                 ^
2025-10-29T02:15:57: 
2025-10-29T02:15:57: SyntaxError: missing ) after argument list
2025-10-29T02:15:57:     at internalCompileFunction (node:internal/vm:73:18)
2025-10-29T02:15:57:     at wrapSafe (node:internal/modules/cjs/loader:1274:20)
2025-10-29T02:15:57:     at Module._compile (node:internal/modules/cjs/loader:1320:27)
2025-10-29T02:15:57:     at Module._extensions..js (node:internal/modules/cjs/loader:1414:10)
2025-10-29T02:15:57:     at Module.load (node:internal/modules/cjs/loader:1197:32)
2025-10-29T02:15:57:     at Module._load (node:internal/modules/cjs/loader:1013:12)
2025-10-29T02:15:57:     at Object.<anonymous> (/usr/local/lib/node_modules/pm2/lib/ProcessContainerFork.js:33:23)
2025-10-29T02:15:57:     at Module._compile (node:internal/modules/cjs/loader:1356:14)
2025-10-29T02:15:57:     at Module._extensions..js (node:internal/modules/cjs/loader:1414:10)
2025-10-29T02:15:57:     at Module.load (node:internal/modules/cjs/loader:1197:32)
2025-10-29T02:15:57: /var/www/www-root/data/www/tech-talks.ru/server.js:7
2025-10-29T02:15:57:     console.log(${new Date().toISOString()} - ${req.method} ${req.url});
2025-10-29T02:15:57:                 ^
2025-10-29T02:15:57: 
2025-10-29T02:15:57: SyntaxError: missing ) after argument list
2025-10-29T02:15:57:     at internalCompileFunction (node:internal/vm:73:18)
2025-10-29T02:15:57:     at wrapSafe (node:internal/modules/cjs/loader:1274:20)
2025-10-29T02:15:57:     at Module._compile (node:internal/modules/cjs/loader:1320:27)
2025-10-29T02:15:57:     at Module._extensions..js (node:internal/modules/cjs/loader:1414:10)
2025-10-29T02:15:57:     at Module.load (node:internal/modules/cjs/loader:1197:32)
2025-10-29T02:15:57:     at Module._load (node:internal/modules/cjs/loader:1013:12)
2025-10-29T02:15:57:     at Object.<anonymous> (/usr/local/lib/node_modules/pm2/lib/ProcessContainerFork.js:33:23)
2025-10-29T02:15:57:     at Module._compile (node:internal/modules/cjs/loader:1356:14)
2025-10-29T02:15:57:     at Module._extensions..js (node:internal/modules/cjs/loader:1414:10)
2025-10-29T02:15:57:     at Module.load (node:internal/modules/cjs/loader:1197:32)
2025-10-29T02:15:57: /var/www/www-root/data/www/tech-talks.ru/server.js:7
2025-10-29T02:15:57:     console.log(${new Date().toISOString()} - ${req.method} ${req.url});
2025-10-29T02:15:57:                 ^
2025-10-29T02:15:57: 
2025-10-29T02:15:57: SyntaxError: missing ) after argument list
2025-10-29T02:15:57:     at internalCompileFunction (node:internal/vm:73:18)
2025-10-29T02:15:57:     at wrapSafe (node:internal/modules/cjs/loader:1274:20)
2025-10-29T02:15:57:     at Module._compile (node:internal/modules/cjs/loader:1320:27)
2025-10-29T02:15:57:     at Module._extensions..js (node:internal/modules/cjs/loader:1414:10)
2025-10-29T02:15:57:     at Module.load (node:internal/modules/cjs/loader:1197:32)
2025-10-29T02:15:57:     at Module._load (node:internal/modules/cjs/loader:1013:12)
2025-10-29T02:15:57:     at Object.<anonymous> (/usr/local/lib/node_modules/pm2/lib/ProcessContainerFork.js:33:23)
2025-10-29T02:15:57:     at Module._compile (node:internal/modules/cjs/loader:1356:14)
2025-10-29T02:15:57:     at Module._extensions..js (node:internal/modules/cjs/loader:1414:10)
2025-10-29T02:15:57:     at Module.load (node:internal/modules/cjs/loader:1197:32)
2025-10-29T02:15:57: /var/www/www-root/data/www/tech-talks.ru/server.js:7
2025-10-29T02:15:57:     console.log(${new Date().toISOString()} - ${req.method} ${req.url});
2025-10-29T02:15:57:                 ^
2025-10-29T02:15:57: 
2025-10-29T02:15:57: SyntaxError: missing ) after argument list
2025-10-29T02:15:57:     at internalCompileFunction (node:internal/vm:73:18)
2025-10-29T02:15:57:     at wrapSafe (node:internal/modules/cjs/loader:1274:20)
2025-10-29T02:15:57:     at Module._compile (node:internal/modules/cjs/loader:1320:27)
2025-10-29T02:15:57:     at Module._extensions..js (node:internal/modules/cjs/loader:1414:10)
2025-10-29T02:15:57:     at Module.load (node:internal/modules/cjs/loader:1197:32)
2025-10-29T02:15:57:     at Module._load (node:internal/modules/cjs/loader:1013:12)
2025-10-29T02:15:57:     at Object.<anonymous> (/usr/local/lib/node_modules/pm2/lib/ProcessContainerFork.js:33:23)
2025-10-29T02:15:57:     at Module._compile (node:internal/modules/cjs/loader:1356:14)
2025-10-29T02:15:57:     at Module._extensions..js (node:internal/modules/cjs/loader:1414:10)
2025-10-29T02:15:57:     at Module.load (node:internal/modules/cjs/loader:1197:32)
2025-10-29T02:15:57: /var/www/www-root/data/www/tech-talks.ru/server.js:7
2025-10-29T02:15:57:     console.log(${new Date().toISOString()} - ${req.method} ${req.url});
2025-10-29T02:15:57:                 ^
2025-10-29T02:15:57: 
2025-10-29T02:15:57: SyntaxError: missing ) after argument list
2025-10-29T02:15:57:     at internalCompileFunction (node:internal/vm:73:18)
2025-10-29T02:15:57:     at wrapSafe (node:internal/modules/cjs/loader:1274:20)
2025-10-29T02:15:57:     at Module._compile (node:internal/modules/cjs/loader:1320:27)
2025-10-29T02:15:57:     at Module._extensions..js (node:internal/modules/cjs/loader:1414:10)
2025-10-29T02:15:57:     at Module.load (node:internal/modules/cjs/loader:1197:32)
2025-10-29T02:15:57:     at Module._load (node:internal/modules/cjs/loader:1013:12)
2025-10-29T02:15:57:     at Object.<anonymous> (/usr/local/lib/node_modules/pm2/lib/ProcessContainerFork.js:33:23)
2025-10-29T02:15:57:     at Module._compile (node:internal/modules/cjs/loader:1356:14)
2025-10-29T02:15:57:     at Module._extensions..js (node:internal/modules/cjs/loader:1414:10)
2025-10-29T02:15:57:     at Module.load (node:internal/modules/cjs/loader:1197:32)
2025-10-29T02:15:58: /var/www/www-root/data/www/tech-talks.ru/server.js:7
2025-10-29T02:15:58:     console.log(${new Date().toISOString()} - ${req.method} ${req.url});
2025-10-29T02:15:58:                 ^
2025-10-29T02:15:58: 
2025-10-29T02:15:58: SyntaxError: missing ) after argument list
2025-10-29T02:15:58:     at internalCompileFunction (node:internal/vm:73:18)
2025-10-29T02:15:58:     at wrapSafe (node:internal/modules/cjs/loader:1274:20)
2025-10-29T02:15:58:     at Module._compile (node:internal/modules/cjs/loader:1320:27)
2025-10-29T02:15:58:     at Module._extensions..js (node:internal/modules/cjs/loader:1414:10)
2025-10-29T02:15:58:     at Module.load (node:internal/modules/cjs/loader:1197:32)
2025-10-29T02:15:58:     at Module._load (node:internal/modules/cjs/loader:1013:12)
2025-10-29T02:15:58:     at Object.<anonymous> (/usr/local/lib/node_modules/pm2/lib/ProcessContainerFork.js:33:23)
2025-10-29T02:15:58:     at Module._compile (node:internal/modules/cjs/loader:1356:14)
2025-10-29T02:15:58:     at Module._extensions..js (node:internal/modules/cjs/loader:1414:10)
2025-10-29T02:15:58:     at Module.load (node:internal/modules/cjs/loader:1197:32)
2025-10-29T02:19:21: /var/www/www-root/data/www/tech-talks.ru/server.js:7
2025-10-29T02:19:21:     console.log(${new Date().toISOString()} - ${req.method} ${req.url});
2025-10-29T02:19:21:                 ^
2025-10-29T02:19:21: 
2025-10-29T02:19:21: SyntaxError: missing ) after argument list
2025-10-29T02:19:21:     at internalCompileFunction (node:internal/vm:73:18)
2025-10-29T02:19:21:     at wrapSafe (node:internal/modules/cjs/loader:1274:20)
2025-10-29T02:19:21:     at Module._compile (node:internal/modules/cjs/loader:1320:27)
2025-10-29T02:19:21:     at Module._extensions..js (node:internal/modules/cjs/loader:1414:10)
2025-10-29T02:19:21:     at Module.load (node:internal/modules/cjs/loader:1197:32)
2025-10-29T02:19:21:     at Module._load (node:internal/modules/cjs/loader:1013:12)
2025-10-29T02:19:21:     at Object.<anonymous> (/usr/local/lib/node_modules/pm2/lib/ProcessContainerFork.js:33:23)
2025-10-29T02:19:21:     at Module._compile (node:internal/modules/cjs/loader:1356:14)
2025-10-29T02:19:21:     at Module._extensions..js (node:internal/modules/cjs/loader:1414:10)
2025-10-29T02:19:21:     at Module.load (node:internal/modules/cjs/loader:1197:32)
2025-10-29T02:19:21: /var/www/www-root/data/www/tech-talks.ru/server.js:7
2025-10-29T02:19:21:     console.log(${new Date().toISOString()} - ${req.method} ${req.url});
2025-10-29T02:19:21:                 ^
2025-10-29T02:19:21: 
2025-10-29T02:19:21: SyntaxError: missing ) after argument list
2025-10-29T02:19:21:     at internalCompileFunction (node:internal/vm:73:18)
2025-10-29T02:19:21:     at wrapSafe (node:internal/modules/cjs/loader:1274:20)
2025-10-29T02:19:21:     at Module._compile (node:internal/modules/cjs/loader:1320:27)
2025-10-29T02:19:21:     at Module._extensions..js (node:internal/modules/cjs/loader:1414:10)
2025-10-29T02:19:21:     at Module.load (node:internal/modules/cjs/loader:1197:32)
2025-10-29T02:19:21:     at Module._load (node:internal/modules/cjs/loader:1013:12)
2025-10-29T02:19:21:     at Object.<anonymous> (/usr/local/lib/node_modules/pm2/lib/ProcessContainerFork.js:33:23)
2025-10-29T02:19:21:     at Module._compile (node:internal/modules/cjs/loader:1356:14)
2025-10-29T02:19:21:     at Module._extensions..js (node:internal/modules/cjs/loader:1414:10)
2025-10-29T02:19:21:     at Module.load (node:internal/modules/cjs/loader:1197:32)
2025-10-29T02:19:22: /var/www/www-root/data/www/tech-talks.ru/server.js:7
2025-10-29T02:19:22:     console.log(${new Date().toISOString()} - ${req.method} ${req.url});
2025-10-29T02:19:22:                 ^
2025-10-29T02:19:22: 
2025-10-29T02:19:22: SyntaxError: missing ) after argument list
2025-10-29T02:19:22:     at internalCompileFunction (node:internal/vm:73:18)
2025-10-29T02:19:22:     at wrapSafe (node:internal/modules/cjs/loader:1274:20)
2025-10-29T02:19:22:     at Module._compile (node:internal/modules/cjs/loader:1320:27)
2025-10-29T02:19:22:     at Module._extensions..js (node:internal/modules/cjs/loader:1414:10)
2025-10-29T02:19:22:     at Module.load (node:internal/modules/cjs/loader:1197:32)
2025-10-29T02:19:22:     at Module._load (node:internal/modules/cjs/loader:1013:12)
2025-10-29T02:19:22:     at Object.<anonymous> (/usr/local/lib/node_modules/pm2/lib/ProcessContainerFork.js:33:23)
2025-10-29T02:19:22:     at Module._compile (node:internal/modules/cjs/loader:1356:14)
2025-10-29T02:19:22:     at Module._extensions..js (node:internal/modules/cjs/loader:1414:10)
2025-10-29T02:19:22:     at Module.load (node:internal/modules/cjs/loader:1197:32)
2025-10-29T02:19:22: /var/www/www-root/data/www/tech-talks.ru/server.js:7
2025-10-29T02:19:22:     console.log(${new Date().toISOString()} - ${req.method} ${req.url});
2025-10-29T02:19:22:                 ^
2025-10-29T02:19:22: 
2025-10-29T02:19:22: SyntaxError: missing ) after argument list
2025-10-29T02:19:22:     at internalCompileFunction (node:internal/vm:73:18)
2025-10-29T02:19:22:     at wrapSafe (node:internal/modules/cjs/loader:1274:20)
2025-10-29T02:19:22:     at Module._compile (node:internal/modules/cjs/loader:1320:27)
2025-10-29T02:19:22:     at Module._extensions..js (node:internal/modules/cjs/loader:1414:10)
2025-10-29T02:19:22:     at Module.load (node:internal/modules/cjs/loader:1197:32)
2025-10-29T02:19:22:     at Module._load (node:internal/modules/cjs/loader:1013:12)
2025-10-29T02:19:22:     at Object.<anonymous> (/usr/local/lib/node_modules/pm2/lib/ProcessContainerFork.js:33:23)
2025-10-29T02:19:22:     at Module._compile (node:internal/modules/cjs/loader:1356:14)
2025-10-29T02:19:22:     at Module._extensions..js (node:internal/modules/cjs/loader:1414:10)
2025-10-29T02:19:22:     at Module.load (node:internal/modules/cjs/loader:1197:32)
2025-10-29T02:19:22: /var/www/www-root/data/www/tech-talks.ru/server.js:7
2025-10-29T02:19:22:     console.log(${new Date().toISOString()} - ${req.method} ${req.url});
2025-10-29T02:19:22:                 ^
2025-10-29T02:19:22: 
2025-10-29T02:19:22: SyntaxError: missing ) after argument list
2025-10-29T02:19:22:     at internalCompileFunction (node:internal/vm:73:18)
2025-10-29T02:19:22:     at wrapSafe (node:internal/modules/cjs/loader:1274:20)
2025-10-29T02:19:22:     at Module._compile (node:internal/modules/cjs/loader:1320:27)
2025-10-29T02:19:22:     at Module._extensions..js (node:internal/modules/cjs/loader:1414:10)
2025-10-29T02:19:22:     at Module.load (node:internal/modules/cjs/loader:1197:32)
2025-10-29T02:19:22:     at Module._load (node:internal/modules/cjs/loader:1013:12)
2025-10-29T02:19:22:     at Object.<anonymous> (/usr/local/lib/node_modules/pm2/lib/ProcessContainerFork.js:33:23)
2025-10-29T02:19:22:     at Module._compile (node:internal/modules/cjs/loader:1356:14)
2025-10-29T02:19:22:     at Module._extensions..js (node:internal/modules/cjs/loader:1414:10)
2025-10-29T02:19:22:     at Module.load (node:internal/modules/cjs/loader:1197:32)
2025-10-29T02:19:22: /var/www/www-root/data/www/tech-talks.ru/server.js:7
2025-10-29T02:19:22:     console.log(${new Date().toISOString()} - ${req.method} ${req.url});
2025-10-29T02:19:22:                 ^
2025-10-29T02:19:22: 
2025-10-29T02:19:22: SyntaxError: missing ) after argument list
2025-10-29T02:19:22:     at internalCompileFunction (node:internal/vm:73:18)
2025-10-29T02:19:22:     at wrapSafe (node:internal/modules/cjs/loader:1274:20)
2025-10-29T02:19:22:     at Module._compile (node:internal/modules/cjs/loader:1320:27)
2025-10-29T02:19:22:     at Module._extensions..js (node:internal/modules/cjs/loader:1414:10)
2025-10-29T02:19:22:     at Module.load (node:internal/modules/cjs/loader:1197:32)
2025-10-29T02:19:22:     at Module._load (node:internal/modules/cjs/loader:1013:12)
2025-10-29T02:19:22:     at Object.<anonymous> (/usr/local/lib/node_modules/pm2/lib/ProcessContainerFork.js:33:23)
2025-10-29T02:19:22:     at Module._compile (node:internal/modules/cjs/loader:1356:14)
2025-10-29T02:19:22:     at Module._extensions..js (node:internal/modules/cjs/loader:1414:10)
2025-10-29T02:19:22:     at Module.load (node:internal/modules/cjs/loader:1197:32)
2025-10-29T02:19:22: /var/www/www-root/data/www/tech-talks.ru/server.js:7
2025-10-29T02:19:22:     console.log(${new Date().toISOString()} - ${req.method} ${req.url});
2025-10-29T02:19:22:                 ^
2025-10-29T02:19:22: 
2025-10-29T02:19:22: SyntaxError: missing ) after argument list
2025-10-29T02:19:22:     at internalCompileFunction (node:internal/vm:73:18)
2025-10-29T02:19:22:     at wrapSafe (node:internal/modules/cjs/loader:1274:20)
2025-10-29T02:19:22:     at Module._compile (node:internal/modules/cjs/loader:1320:27)
2025-10-29T02:19:22:     at Module._extensions..js (node:internal/modules/cjs/loader:1414:10)
2025-10-29T02:19:22:     at Module.load (node:internal/modules/cjs/loader:1197:32)
2025-10-29T02:19:22:     at Module._load (node:internal/modules/cjs/loader:1013:12)
2025-10-29T02:19:22:     at Object.<anonymous> (/usr/local/lib/node_modules/pm2/lib/ProcessContainerFork.js:33:23)
2025-10-29T02:19:22:     at Module._compile (node:internal/modules/cjs/loader:1356:14)
2025-10-29T02:19:22:     at Module._extensions..js (node:internal/modules/cjs/loader:1414:10)
2025-10-29T02:19:22:     at Module.load (node:internal/modules/cjs/loader:1197:32)
2025-10-29T02:19:23: /var/www/www-root/data/www/tech-talks.ru/server.js:7
2025-10-29T02:19:23:     console.log(${new Date().toISOString()} - ${req.method} ${req.url});
2025-10-29T02:19:23:                 ^
2025-10-29T02:19:23: 
2025-10-29T02:19:23: SyntaxError: missing ) after argument list
2025-10-29T02:19:23:     at internalCompileFunction (node:internal/vm:73:18)
2025-10-29T02:19:23:     at wrapSafe (node:internal/modules/cjs/loader:1274:20)
2025-10-29T02:19:23:     at Module._compile (node:internal/modules/cjs/loader:1320:27)
2025-10-29T02:19:23:     at Module._extensions..js (node:internal/modules/cjs/loader:1414:10)
2025-10-29T02:19:23:     at Module.load (node:internal/modules/cjs/loader:1197:32)
2025-10-29T02:19:23:     at Module._load (node:internal/modules/cjs/loader:1013:12)
2025-10-29T02:19:23:     at Object.<anonymous> (/usr/local/lib/node_modules/pm2/lib/ProcessContainerFork.js:33:23)
2025-10-29T02:19:23:     at Module._compile (node:internal/modules/cjs/loader:1356:14)
2025-10-29T02:19:23:     at Module._extensions..js (node:internal/modules/cjs/loader:1414:10)
2025-10-29T02:19:23:     at Module.load (node:internal/modules/cjs/loader:1197:32)
2025-10-29T02:19:23: /var/www/www-root/data/www/tech-talks.ru/server.js:7
2025-10-29T02:19:23:     console.log(${new Date().toISOString()} - ${req.method} ${req.url});
2025-10-29T02:19:23:                 ^
2025-10-29T02:19:23: 
2025-10-29T02:19:23: SyntaxError: missing ) after argument list
2025-10-29T02:19:23:     at internalCompileFunction (node:internal/vm:73:18)
2025-10-29T02:19:23:     at wrapSafe (node:internal/modules/cjs/loader:1274:20)
2025-10-29T02:19:23:     at Module._compile (node:internal/modules/cjs/loader:1320:27)
2025-10-29T02:19:23:     at Module._extensions..js (node:internal/modules/cjs/loader:1414:10)
2025-10-29T02:19:23:     at Module.load (node:internal/modules/cjs/loader:1197:32)
2025-10-29T02:19:23:     at Module._load (node:internal/modules/cjs/loader:1013:12)
2025-10-29T02:19:23:     at Object.<anonymous> (/usr/local/lib/node_modules/pm2/lib/ProcessContainerFork.js:33:23)
2025-10-29T02:19:23:     at Module._compile (node:internal/modules/cjs/loader:1356:14)
2025-10-29T02:19:23:     at Module._extensions..js (node:internal/modules/cjs/loader:1414:10)
2025-10-29T02:19:23:     at Module.load (node:internal/modules/cjs/loader:1197:32)
2025-10-29T02:19:23: /var/www/www-root/data/www/tech-talks.ru/server.js:7
2025-10-29T02:19:23:     console.log(${new Date().toISOString()} - ${req.method} ${req.url});
2025-10-29T02:19:23:                 ^
2025-10-29T02:19:23: 
2025-10-29T02:19:23: SyntaxError: missing ) after argument list
2025-10-29T02:19:23:     at internalCompileFunction (node:internal/vm:73:18)
2025-10-29T02:19:23:     at wrapSafe (node:internal/modules/cjs/loader:1274:20)
2025-10-29T02:19:23:     at Module._compile (node:internal/modules/cjs/loader:1320:27)
2025-10-29T02:19:23:     at Module._extensions..js (node:internal/modules/cjs/loader:1414:10)
2025-10-29T02:19:23:     at Module.load (node:internal/modules/cjs/loader:1197:32)
2025-10-29T02:19:23:     at Module._load (node:internal/modules/cjs/loader:1013:12)
2025-10-29T02:19:23:     at Object.<anonymous> (/usr/local/lib/node_modules/pm2/lib/ProcessContainerFork.js:33:23)
2025-10-29T02:19:23:     at Module._compile (node:internal/modules/cjs/loader:1356:14)
2025-10-29T02:19:23:     at Module._extensions..js (node:internal/modules/cjs/loader:1414:10)
2025-10-29T02:19:23:     at Module.load (node:internal/modules/cjs/loader:1197:32)
2025-10-29T02:19:23: /var/www/www-root/data/www/tech-talks.ru/server.js:7
2025-10-29T02:19:23:     console.log(${new Date().toISOString()} - ${req.method} ${req.url});
2025-10-29T02:19:23:                 ^
2025-10-29T02:19:23: 
2025-10-29T02:19:23: SyntaxError: missing ) after argument list
2025-10-29T02:19:23:     at internalCompileFunction (node:internal/vm:73:18)
2025-10-29T02:19:23:     at wrapSafe (node:internal/modules/cjs/loader:1274:20)
2025-10-29T02:19:23:     at Module._compile (node:internal/modules/cjs/loader:1320:27)
2025-10-29T02:19:23:     at Module._extensions..js (node:internal/modules/cjs/loader:1414:10)
2025-10-29T02:19:23:     at Module.load (node:internal/modules/cjs/loader:1197:32)
2025-10-29T02:19:23:     at Module._load (node:internal/modules/cjs/loader:1013:12)
2025-10-29T02:19:23:     at Object.<anonymous> (/usr/local/lib/node_modules/pm2/lib/ProcessContainerFork.js:33:23)
2025-10-29T02:19:23:     at Module._compile (node:internal/modules/cjs/loader:1356:14)
2025-10-29T02:19:23:     at Module._extensions..js (node:internal/modules/cjs/loader:1414:10)
2025-10-29T02:19:23:     at Module.load (node:internal/modules/cjs/loader:1197:32)
2025-10-29T02:19:23: /var/www/www-root/data/www/tech-talks.ru/server.js:7
2025-10-29T02:19:23:     console.log(${new Date().toISOString()} - ${req.method} ${req.url});
2025-10-29T02:19:23:                 ^
2025-10-29T02:19:23: 
2025-10-29T02:19:23: SyntaxError: missing ) after argument list
2025-10-29T02:19:23:     at internalCompileFunction (node:internal/vm:73:18)
2025-10-29T02:19:23:     at wrapSafe (node:internal/modules/cjs/loader:1274:20)
2025-10-29T02:19:23:     at Module._compile (node:internal/modules/cjs/loader:1320:27)
2025-10-29T02:19:23:     at Module._extensions..js (node:internal/modules/cjs/loader:1414:10)
2025-10-29T02:19:23:     at Module.load (node:internal/modules/cjs/loader:1197:32)
2025-10-29T02:19:23:     at Module._load (node:internal/modules/cjs/loader:1013:12)
2025-10-29T02:19:23:     at Object.<anonymous> (/usr/local/lib/node_modules/pm2/lib/ProcessContainerFork.js:33:23)
2025-10-29T02:19:23:     at Module._compile (node:internal/modules/cjs/loader:1356:14)
2025-10-29T02:19:23:     at Module._extensions..js (node:internal/modules/cjs/loader:1414:10)
2025-10-29T02:19:23:     at Module.load (node:internal/modules/cjs/loader:1197:32)
2025-10-29T02:19:24: /var/www/www-root/data/www/tech-talks.ru/server.js:7
2025-10-29T02:19:24:     console.log(${new Date().toISOString()} - ${req.method} ${req.url});
2025-10-29T02:19:24:                 ^
2025-10-29T02:19:24: 
2025-10-29T02:19:24: SyntaxError: missing ) after argument list
2025-10-29T02:19:24:     at internalCompileFunction (node:internal/vm:73:18)
2025-10-29T02:19:24:     at wrapSafe (node:internal/modules/cjs/loader:1274:20)
2025-10-29T02:19:24:     at Module._compile (node:internal/modules/cjs/loader:1320:27)
2025-10-29T02:19:24:     at Module._extensions..js (node:internal/modules/cjs/loader:1414:10)
2025-10-29T02:19:24:     at Module.load (node:internal/modules/cjs/loader:1197:32)
2025-10-29T02:19:24:     at Module._load (node:internal/modules/cjs/loader:1013:12)
2025-10-29T02:19:24:     at Object.<anonymous> (/usr/local/lib/node_modules/pm2/lib/ProcessContainerFork.js:33:23)
2025-10-29T02:19:24:     at Module._compile (node:internal/modules/cjs/loader:1356:14)
2025-10-29T02:19:24:     at Module._extensions..js (node:internal/modules/cjs/loader:1414:10)
2025-10-29T02:19:24:     at Module.load (node:internal/modules/cjs/loader:1197:32)
2025-10-29T02:19:24: /var/www/www-root/data/www/tech-talks.ru/server.js:7
2025-10-29T02:19:24:     console.log(${new Date().toISOString()} - ${req.method} ${req.url});
2025-10-29T02:19:24:                 ^
2025-10-29T02:19:24: 
2025-10-29T02:19:24: SyntaxError: missing ) after argument list
2025-10-29T02:19:24:     at internalCompileFunction (node:internal/vm:73:18)
2025-10-29T02:19:24:     at wrapSafe (node:internal/modules/cjs/loader:1274:20)
2025-10-29T02:19:24:     at Module._compile (node:internal/modules/cjs/loader:1320:27)
2025-10-29T02:19:24:     at Module._extensions..js (node:internal/modules/cjs/loader:1414:10)
2025-10-29T02:19:24:     at Module.load (node:internal/modules/cjs/loader:1197:32)
2025-10-29T02:19:24:     at Module._load (node:internal/modules/cjs/loader:1013:12)
2025-10-29T02:19:24:     at Object.<anonymous> (/usr/local/lib/node_modules/pm2/lib/ProcessContainerFork.js:33:23)
2025-10-29T02:19:24:     at Module._compile (node:internal/modules/cjs/loader:1356:14)
2025-10-29T02:19:24:     at Module._extensions..js (node:internal/modules/cjs/loader:1414:10)
2025-10-29T02:19:24:     at Module.load (node:internal/modules/cjs/loader:1197:32)
2025-10-29T02:19:24: /var/www/www-root/data/www/tech-talks.ru/server.js:7
2025-10-29T02:19:24:     console.log(${new Date().toISOString()} - ${req.method} ${req.url});
2025-10-29T02:19:24:                 ^
2025-10-29T02:19:24: 
2025-10-29T02:19:24: SyntaxError: missing ) after argument list
2025-10-29T02:19:24:     at internalCompileFunction (node:internal/vm:73:18)
2025-10-29T02:19:24:     at wrapSafe (node:internal/modules/cjs/loader:1274:20)
2025-10-29T02:19:24:     at Module._compile (node:internal/modules/cjs/loader:1320:27)
2025-10-29T02:19:24:     at Module._extensions..js (node:internal/modules/cjs/loader:1414:10)
2025-10-29T02:19:24:     at Module.load (node:internal/modules/cjs/loader:1197:32)
2025-10-29T02:19:24:     at Module._load (node:internal/modules/cjs/loader:1013:12)
2025-10-29T02:19:24:     at Object.<anonymous> (/usr/local/lib/node_modules/pm2/lib/ProcessContainerFork.js:33:23)
2025-10-29T02:19:24:     at Module._compile (node:internal/modules/cjs/loader:1356:14)
2025-10-29T02:19:24:     at Module._extensions..js (node:internal/modules/cjs/loader:1414:10)
2025-10-29T02:19:24:     at Module.load (node:internal/modules/cjs/loader:1197:32)
2025-10-29T02:19:24: /var/www/www-root/data/www/tech-talks.ru/server.js:7
2025-10-29T02:19:24:     console.log(${new Date().toISOString()} - ${req.method} ${req.url});
2025-10-29T02:19:24:                 ^
2025-10-29T02:19:24: 
2025-10-29T02:19:24: SyntaxError: missing ) after argument list
2025-10-29T02:19:24:     at internalCompileFunction (node:internal/vm:73:18)
2025-10-29T02:19:24:     at wrapSafe (node:internal/modules/cjs/loader:1274:20)
2025-10-29T02:19:24:     at Module._compile (node:internal/modules/cjs/loader:1320:27)
2025-10-29T02:19:24:     at Module._extensions..js (node:internal/modules/cjs/loader:1414:10)
2025-10-29T02:19:24:     at Module.load (node:internal/modules/cjs/loader:1197:32)
2025-10-29T02:19:24:     at Module._load (node:internal/modules/cjs/loader:1013:12)
2025-10-29T02:19:24:     at Object.<anonymous> (/usr/local/lib/node_modules/pm2/lib/ProcessContainerFork.js:33:23)
2025-10-29T02:19:24:     at Module._compile (node:internal/modules/cjs/loader:1356:14)
2025-10-29T02:19:24:     at Module._extensions..js (node:internal/modules/cjs/loader:1414:10)
2025-10-29T02:19:24:     at Module.load (node:internal/modules/cjs/loader:1197:32)
